stm32f7xx_hal_msp.c:66:6:HAL_MspInit	8	static
stm32f7xx_hal_msp.c:88:6:HAL_ADC_MspInit	40	static
stm32f7xx_hal_msp.c:122:6:HAL_ADC_MspDeInit	8	static
stm32f7xx_hal_msp.c:151:6:HAL_CAN_MspInit	40	static
stm32f7xx_hal_msp.c:190:6:HAL_CAN_MspDeInit	8	static
stm32f7xx_hal_msp.c:221:6:HAL_SPI_MspInit	40	static
stm32f7xx_hal_msp.c:258:6:HAL_SPI_MspDeInit	8	static
stm32f7xx_hal_msp.c:288:6:HAL_TIM_PWM_MspInit	8	static
stm32f7xx_hal_msp.c:304:6:HAL_TIM_MspPostInit	32	static
stm32f7xx_hal_msp.c:338:6:HAL_TIM_PWM_MspDeInit	0	static
stm32f7xx_hal_msp.c:360:6:HAL_UART_MspInit	40	static
stm32f7xx_hal_msp.c:396:6:HAL_UART_MspDeInit	8	static
